POST /services/XXXXXxxxxxXXXXXX/XXXxxxxXXXXXXxxxxXXXXXX HTTP/1.1
Host: hooks.slack.com
Content-Type: application/json

{"blocks":[{"text":{"text":"Discussion created by k1LoW","type":"mrkdwn"},"type":"section"},{"text":{"text":"octoslack has been released!","type":"mrkdwn"},"type":"section"},{"text":{"text":"テストタイトル\\r\nテストタイトル","type":"mrkdwn"},"type":"section"},{"text":{"text":"\u003e テストタイトル\\r\n\u003e テストタイトル","type":"mrkdwn"},"type":"section"},{"text":{"text":"\u003e テスト固定\n","type":"mrkdwn"},"type":"section"}]}